   drop sharding rule   
------------------------
 dropped sharding rule 
(1 row)

 drop key range 
----------------
(0 rows)

         add key range          
--------------------------------
 created key range from 1 to 10
(1 row)

psql:./coordregress/setup.sql:5: ERROR:  key range krid1 already present in qdb
          add key range          
---------------------------------
 created key range from 11 to 20
(1 row)

psql:./coordregress/setup.sql:7: ERROR:  key range krid3 intersects with krid1 present in qdb
psql:./coordregress/setup.sql:8: ERROR:  key range krid3 intersects with krid2 present in qdb
      add sharding rule       
------------------------------
 created sharding column [id]
(1 row)

       add sharding rule        
--------------------------------
 created sharding column [w_id]
(1 row)

       add sharding rule       
-------------------------------
 created sharding column [bid]
(1 row)

