
		SPQR router admin console
	Here you can configure your routing rules
------------------------------------------------
	You can find documentation here 
https://github.com/pg-sharding/spqr/tree/master/docs

CREATE DISTRIBUTION ds1 COLUMN TYPES integer;
    add distribution    
------------------------
 distribution id -> ds1
(1 row)

CREATE KEY RANGE krid1 FROM 1 ROUTE TO sh1 FOR DISTRIBUTION ds1;
 add key range 
---------------
 bound -> 1
(1 row)

CREATE KEY RANGE krid2 FROM 11 ROUTE TO sh1 FOR DISTRIBUTION ds1;
 add key range 
---------------
 bound -> 11
(1 row)

SHOW key_ranges;
 Key range ID | Shard ID | Distribution ID | Lower bound 
--------------+----------+-----------------+-------------
 krid1        | sh1      | ds1             | 1
 krid2        | sh1      | ds1             | 11
(2 rows)

DROP KEY RANGE ALL;
 drop key range 
----------------
(0 rows)

SHOW key_ranges;
 Key range ID | Shard ID | Distribution ID | Lower bound 
--------------+----------+-----------------+-------------
(0 rows)

DROP DISTRIBUTION ALL CASCADE;
   drop distribution    
------------------------
 distribution id -> ds1
(1 row)

