
		SPQR router admin console
	Here you can configure your routing rules
------------------------------------------------
	You can find documentation here 
https://github.com/pg-sharding/spqr/tree/master/docs

CREATE DISTRIBUTION ds1 COLUMN TYPES integer;
    add distribution    
------------------------
 distribution id -> ds1
(1 row)

CREATE DISTRIBUTION ds2 COLUMN TYPES varchar, integer;
    add distribution    
------------------------
 distribution id -> ds2
(1 row)

SHOW distributions;
 Distribution ID |  Column types   
-----------------+-----------------
 ds1             | integer
 ds2             | varchar,integer
(2 rows)

DROP DISTRIBUTION ALL CASCADE;
   drop distribution    
------------------------
 distribution id -> ds1
 distribution id -> ds2
(2 rows)

DROP KEY RANGE ALL;
 drop key range 
----------------
(0 rows)

