
		SQPR router admin console
	Here you can configure your routing rules
------------------------------------------------
	You can find documentation here 
https://github.com/pg-sharding/spqr/tree/master/docs

CREATE KEY RANGE krid1 FROM 1 ROUTE TO sh1;
         add key range          
--------------------------------
 created key range with bound 1
(1 row)

CREATE KEY RANGE krid2 FROM 11 ROUTE TO sh1;
          add key range          
---------------------------------
 created key range with bound 11
(1 row)

SHOW key_ranges;
 Key range ID | Shard ID | Dataspace ID | Lower bound 
--------------+----------+--------------+-------------
 krid1        | sh1      | default      | 1
 krid2        | sh1      | default      | 11
(2 rows)

DROP DATASPACE ALL CASCADE;
 drop dataspace 
----------------
(0 rows)

DROP SHARDING RULE ALL;
   drop sharding rule   
------------------------
 dropped sharding rule 
(1 row)

DROP KEY RANGE ALL;
 drop key range 
----------------
(0 rows)

