
		SQPR router admin console
	Here you can configure your routing rules
------------------------------------------------
	You can find documentation here 
https://github.com/pg-sharding/spqr/tree/master/docs

SHOW sharding_rules;
          listing sharding rules          
------------------------------------------
 sharding rule r3 with column set: [bid]
 sharding rule r1 with column set: [w_id]
 sharding rule r2 with column set: [id]
(3 rows)

