
		SQPR router admin console
	Here you can configure your routing rules
------------------------------------------------
	You can find documentation here 
https://github.com/pg-sharding/spqr/tree/master/docs

SHOW key_ranges;
 Key range ID | Shard ID | Lower bound | Upper bound 
--------------+----------+-------------+-------------
 krid2        | sh1      | 11          | 20
 krid1        | sh1      | 1           | 10
 krid3        | sh2      | 21          | 30
(3 rows)

