
		SPQR router admin console
	Here you can configure your routing rules
------------------------------------------------
	You can find documentation here 
https://github.com/pg-sharding/spqr/tree/master/docs

SHOW clients;
 client_id | user | dbname | server_id | router_address | router_time_0.75 | shard_time_0.75 
-----------+------+--------+-----------+----------------+------------------+-----------------
(0 rows)

SHOW clients WHERE server_id = spqr_shard_1:6432;
 client_id | user | dbname | server_id | router_address | router_time_0.75 | shard_time_0.75 
-----------+------+--------+-----------+----------------+------------------+-----------------
(0 rows)

SHOW clients WHERE server_id = nonexistent:6432 OR dbname = regress;
 client_id | user | dbname | server_id | router_address | router_time_0.75 | shard_time_0.75 
-----------+------+--------+-----------+----------------+------------------+-----------------
(0 rows)

