
		SPQR router admin console
	Here you can configure your routing rules
------------------------------------------------
	You can find documentation here 
https://github.com/pg-sharding/spqr/tree/master/docs

DROP KEY RANGE ALL;
 drop key range 
----------------
(0 rows)

