psql:sql/mixed_routing.sql:1: Shard match: sh1,sh2
DROP TABLE
psql:sql/mixed_routing.sql:2: Shard match: sh1,sh2
CREATE TABLE
psql:sql/mixed_routing.sql:3: Shard match: sh1
INSERT 0 1
psql:sql/mixed_routing.sql:4: Shard match: sh1
INSERT 0 1
psql:sql/mixed_routing.sql:5: Shard match: sh1
INSERT 0 1
psql:sql/mixed_routing.sql:6: Shard match: sh1
INSERT 0 1
psql:sql/mixed_routing.sql:8: Shard match: sh2
INSERT 0 1
psql:sql/mixed_routing.sql:9: Shard match: sh2
INSERT 0 1
psql:sql/mixed_routing.sql:10: Shard match: sh2
INSERT 0 1
psql:sql/mixed_routing.sql:11: Shard match: sh2
INSERT 0 1
psql:sql/mixed_routing.sql:13: Shard match: sh1,sh2
 id 
----
  1
 10
 11
 20
 21
 22
 29
 30
(8 rows)

psql:sql/mixed_routing.sql:14: Shard match: sh1
 id 
----
  1
 10
(2 rows)

psql:sql/mixed_routing.sql:15: Shard match: sh1
 id 
----
  1
 10
 11
 20
(4 rows)

psql:sql/mixed_routing.sql:16: Shard match: sh2
 id 
----
 21
 22
 29
 30
(4 rows)

