\c spqr-console

		SPQR router admin console
	Here you can configure your routing rules
------------------------------------------------
	You can find documentation here 
https://github.com/pg-sharding/spqr/tree/master/docs

CREATE DISTRIBUTION ds1 COLUMN TYPES integer;
    add distribution    
------------------------
 distribution id -> ds1
(1 row)

CREATE KEY RANGE kridi1 from 1 route to sh1 FOR DISTRIBUTION ds1;
 add key range 
---------------
 bound -> 1
(1 row)

CREATE KEY RANGE kridi2 from 11 route to sh2 FOR DISTRIBUTION ds1;
 add key range 
---------------
 bound -> 11
(1 row)

ALTER DISTRIBUTION ds1 ATTACH RELATION x DISTRIBUTION KEY id;
      attach table      
------------------------
 relation name   -> x
 distribution id -> ds1
(2 rows)

\c regress
CREATE TABLE x(id int);
NOTICE: send query to shard(s) : sh1,sh2
SELECT * FROM x WHERE id = 1;
NOTICE: send query to shard(s) : sh1
 id 
----
(0 rows)

SELECT * FROM x WHERE ixxxd = 1;
NOTICE: send query to shard(s) : sh1,sh2
ERROR:  column "ixxxd" does not exist
LINE 1: SELECT * FROM x WHERE ixxxd = 1;
                              ^
SELECT * FROM x WHERE ixxxd = 1 iuwehiuhweui;
ERROR:  client processing error: error processing query 'SELECT * FROM x WHERE ixxxd = 1 iuwehiuhweui;': syntax error on pos 32, tx status IDLE
SELECT * FROM x WHERE id = 1;
NOTICE: send query to shard(s) : sh1
 id 
----
(0 rows)

DROP TABLE x;
NOTICE: send query to shard(s) : sh1,sh2
\c spqr-console

		SPQR router admin console
	Here you can configure your routing rules
------------------------------------------------
	You can find documentation here 
https://github.com/pg-sharding/spqr/tree/master/docs

DROP DISTRIBUTION ALL CASCADE;
   drop distribution    
------------------------
 distribution id -> ds1
(1 row)

DROP KEY RANGE ALL;
 drop key range 
----------------
(0 rows)

