\c spqr-console

		SPQR router admin console
	Here you can configure your routing rules
------------------------------------------------
	You can find documentation here 
https://github.com/pg-sharding/spqr/tree/master/docs

CREATE DISTRIBUTION ds1 COLUMN TYPES integer;
         add distribution         
----------------------------------
 created distribution with id ds1
(1 row)

CREATE KEY RANGE krid1 FROM 1 ROUTE TO sh1 FOR DISTRIBUTION ds1;
         add key range          
--------------------------------
 created key range with bound 1
(1 row)

CREATE KEY RANGE krid2 FROM 101 ROUTE TO sh2 FOR DISTRIBUTION ds1;
          add key range           
----------------------------------
 created key range with bound 101
(1 row)

ALTER DISTRIBUTION ds1 ATTACH RELATION transactions_test DISTRIBUTION KEY id;
                      attach table                       
---------------------------------------------------------
 attached relation transactions_test to distribution ds1
(1 row)

\c regress
CREATE TABLE transactions_test (id int);
NOTICE: send query to shard(s) : sh1,sh2
-- check that rollbacked changes do no apply
BEGIN;
SELECT * FROM transactions_test WHERE id = 1;;
NOTICE: send query to shard(s) : sh1
 id 
----
(0 rows)

INSERT INTO transactions_test (id) VALUES (1);
SELECT * FROM transactions_test WHERE id = 1;;
 id 
----
  1
(1 row)

ROLLBACK;
SELECT * FROM transactions_test WHERE id = 1;;
NOTICE: send query to shard(s) : sh1
 id 
----
(0 rows)

-- check that commited changes present
BEGIN;
SELECT * FROM transactions_test WHERE id = 1;;
NOTICE: send query to shard(s) : sh1
 id 
----
(0 rows)

INSERT INTO transactions_test (id) VALUES (1);
SELECT * FROM transactions_test WHERE id = 1;;
 id 
----
  1
(1 row)

COMMIT;
SELECT * FROM transactions_test WHERE id = 1;;
NOTICE: send query to shard(s) : sh1
 id 
----
  1
(1 row)

DROP TABLE transactions_test;
NOTICE: send query to shard(s) : sh1,sh2
\c spqr-console

		SPQR router admin console
	Here you can configure your routing rules
------------------------------------------------
	You can find documentation here 
https://github.com/pg-sharding/spqr/tree/master/docs

DROP DISTRIBUTION ALL CASCADE;
   drop distribution   
-----------------------
 drop distribution ds1
(1 row)

DROP KEY RANGE ALL;
 drop key range 
----------------
(0 rows)

