-- UNREGISTER ROUTER ALL
REGISTER ROUTER r1 ADDRESS regress_router_1:7000;
              register routers              
--------------------------------------------
 router r1-regress_router_1:7000 registered
(1 row)

